../Core/Src/main.c:99:5:main	8	static
../Core/Src/main.c:176:6:SystemClock_Config	88	static
../Core/Src/main.c:213:13:forward_drive	16	static
../Core/Src/main.c:228:13:backward_drive	16	static
../Core/Src/main.c:243:13:left_drive	16	static
../Core/Src/main.c:258:13:right_drive	16	static
../Core/Src/main.c:273:13:hold_drive	8	static
../Core/Src/main.c:284:6:HAL_UART_RxCpltCallback	16	static
../Core/Src/main.c:334:9:mapSBUSValue	16	static
../Core/Src/main.c:338:6:controlCarThrottle	24	static
../Core/Src/main.c:352:6:controlCarSteering	24	static
../Core/Src/main.c:370:6:Error_Handler	4	static,ignoring_inline_asm
