../Core/Src/main.c:114:5:main	8	static
../Core/Src/main.c:208:6:SystemClock_Config	88	static
../Core/Src/main.c:245:13:forward_drive	16	static
../Core/Src/main.c:260:13:backward_drive	16	static
../Core/Src/main.c:275:13:left_drive	16	static
../Core/Src/main.c:290:13:right_drive	16	static
../Core/Src/main.c:305:13:hold_drive	8	static
../Core/Src/main.c:316:6:HAL_UART_RxCpltCallback	16	static
../Core/Src/main.c:366:9:mapSBUSValue	16	static
../Core/Src/main.c:370:6:controlCarThrottle	24	static
../Core/Src/main.c:384:6:controlCarSteering	24	static
../Core/Src/main.c:397:13:test_drive	24	static
../Core/Src/main.c:421:6:Error_Handler	4	static,ignoring_inline_asm
